#version 330 core

in vec3 Normal;
in vec3 WorldPos;

uniform vec3 lightDir = normalize(vec3(2.7, 2.4, 2.0));

out vec4 FragColor;

void main() {
  vec3 N = normalize(Normal);
  vec3 L = normalize(lightDir);

  float diff = max(dot(N, L), 0.0) * 0.5;

  vec3 ambient = vec3(0.45, 0.4, 0.4) * 1.2;
  vec3 color = vec3(0.9, 0.55, 0.55) * (ambient + diff * 1.5);
    
  FragColor = vec4(color, 1.0);
}

#version 330 core

out vec4 FragColor;
uniform mat4 view;

void main() {
  vec3 dir = normalize((inverse(view) * vec4(0,0,1,0)).xyz);
  
  // Градиент: низ темнее, верх светлее
  float t = dir.y * 0.5 + 0.5;  // 0=темно, 1=светло
  
  vec3 darkSky   = vec3(0.4, 0.6, 1.0);  // Темно-голубой низ
  vec3 lightSky  = vec3(0.8, 0.9, 1.0);  // Светло-голубой верх
  
  vec3 sky = mix(darkSky, lightSky, t);
  
  FragColor = vec4(sky, 1.0);
}

#version 330 core

layout (location = 0) in vec3 aPosition;
layout (location = 1) in vec3 aNormal;

uniform mat4 model;
uniform mat4 view;
uniform mat4 projection;

out vec3 Normal;
out vec3 WorldPos;

void main() {
  WorldPos = vec3(model * vec4(aPosition, 1.0));
  Normal = mat3(transpose(inverse(model))) * aNormal;
  gl_Position = projection * view * vec4(WorldPos, 1.0);
}
#include "camera.hpp"
#include "shader.hpp"

#include <algorithm>
#include <glm/common.hpp>
#include <glm/ext/matrix_clip_space.hpp>
#include <glm/ext/matrix_transform.hpp>
#include <glm/gtc/type_ptr.hpp>

namespace mkit {

void camera::init(glm::vec3 position, float fov, float max_view_distance,
                                      float min_view_distance, float aspect) {
  position_ = position;
  yaw_ = 0.0f;
  pitch_ = 0.0f;
  fov_ = fov;
  max_view_distance_ = max_view_distance;
  min_view_distance_ = min_view_distance;
  aspect_ = aspect;

  update_vectors();
}

void camera::rotate(float yaw_delta, float pitch_delta) {
  yaw_ += yaw_delta;
  pitch_ += pitch_delta;
  
  pitch_ = std::clamp(pitch_, -glm::half_pi<float>() + 0.1f, 
                      glm::half_pi<float>() - 0.1f);
  
  update_vectors();
}

void camera::update_vectors() {
  forward_.x = cos(yaw_) * cos(pitch_);
  forward_.y = sin(pitch_);
  forward_.z = sin(yaw_) * cos(pitch_);
  
  left_ = glm::normalize(glm::cross(forward_, glm::vec3(0,1,0)));
  up_ = glm::cross(left_, forward_);
}

void camera::push(shader& sd) {
  update_vectors();
  view_ = glm::lookAt(position_, position_ + forward_, up_);
  projection_ = glm::perspective(fov_, aspect_, min_view_distance_, max_view_distance_);

  sd.use();
  sd.set("view", view_);
  sd.set("projection", projection_);
}

} // namespace mkit
#pragma once

#include "shader.hpp"

#include <glm/common.hpp>
#include <glm/ext/matrix_transform.hpp>
#include <glm/ext/vector_float3.hpp>
#include <glm/vec3.hpp>
#include <glm/gtc/matrix_transform.hpp>
#include <GL/glew.h>

namespace mkit {

class camera {
public:
  void init(glm::vec3 position, float fov,
            float max_view_distance, float min_view_distance, float aspect);
  
  inline void set_position(glm::vec3 position) {
    position_ = position;
  }

  inline void set_fov(float fov) {
    fov_ = fov;
  }

  inline void set_aspect(float min, float max) {
    min_view_distance_ = min;
    max_view_distance_ = max;
  }

  void push(shader& sd);

  [[nodiscard]] inline float aspect() const {
    return aspect_;
  }

  [[nodiscard]] inline float max_view_distance() const {
    return max_view_distance_;
  }

  [[nodiscard]] inline float min_view_distance() const {
    return min_view_distance_;
  }

  [[nodiscard]] inline glm::vec3 position() const {
    return position_;
  }

  inline void move_forward(float speed) {
    position_ += forward_ * speed;
  };

  inline void move_backward(float speed) {
    position_ += -forward_ * speed;
  }

  inline void move_left(float speed) {
    position_ += left_ * speed;
  }

  inline void move_right(float speed) {
    position_ += -left_ * speed;
  }

  inline void move_up(float speed) {
    position_ += up_ * speed;
  }

  inline void move_down(float speed) {
    position_ += -up_ * speed;
  }

  void rotate(float yaw_delta, float pitch_delta);
  void update_vectors();

private:
  glm::vec3 position_{};
  glm::mat4 view_{};
  glm::mat4 projection_{};
  glm::vec3 forward_{0.0f, 0.0f, -1.0f};
  glm::vec3 left_{-1.0f, 0.0f, 0.0f};
  glm::vec3 up_{0.0f, 1.0f, 0.0f};

  float fov_ = 0.0f;
  float min_view_distance_ = 0.0f;
  float max_view_distance_ = 0.0f;
  float aspect_ = 0.0f;
  float yaw_ = 0.0f;
  float pitch_ = 0.0f;

};

} // namespace mkit
#include "controller.hpp"
#include "camera.hpp"

#include <SDL3/SDL.h>

namespace mkit {

void controller::process(camera& cam, float speed, const bool* state) {
  if (state[SDL_SCANCODE_W]) {
    cam.move_forward(speed);
  }

  else if (state[SDL_SCANCODE_S]) {
    cam.move_backward(speed);
  }

  if (state[SDL_SCANCODE_D]) {
    cam.move_left(speed);
  }

  else if (state[SDL_SCANCODE_A]) {
    cam.move_right(speed);
  }

  if (state[SDL_SCANCODE_LSHIFT]) {
    cam.move_down(speed);
  }

  else if (state[SDL_SCANCODE_SPACE]) {
    cam.move_up(speed);
  }
}

} // namespace mkit
#pragma once

#include "camera.hpp"

namespace mkit {

class controller {
public:
  void process(camera& cam, float speed, const bool* state);

};

}
#pragma once

#include <SDL3/SDL.h>
#include <SDL3/SDL_keyboard.h>

namespace mkit {

class input {
public:
  input() {}
  ~input() {}

  [[nodiscard]] inline bool is_key_pressed(SDL_Scancode scancode) const {
    return SDL_GetKeyboardState(NULL)[scancode];
  }

  void mouse_position(float& x, float& y) const {
    SDL_GetMouseState(&x, &y);
  }

};

}
#include "mesh.hpp"

#include <vector>

namespace mkit {

void mesh::init(std::vector<float>& vertices) {
  vertices_count_ = vertices.size() / 6;

  glGenVertexArrays(1, &vao_);
  glGenBuffers(1, &vbo_);

  glBindVertexArray(vao_);

  glBindBuffer(GL_ARRAY_BUFFER, vbo_);
  glBufferData(GL_ARRAY_BUFFER, sizeof(float) * vertices.size(), vertices.data(), GL_DYNAMIC_DRAW);

  glVertexAttribPointer(0, 3, GL_FLOAT, GL_FALSE, 6 * sizeof(float), (void*)0);
  glEnableVertexAttribArray(0);

  glVertexAttribPointer(1, 3, GL_FLOAT, GL_FALSE, 6 * sizeof(float), (void*)(3 * sizeof(float)));
  glEnableVertexAttribArray(1);

  glBindBuffer(GL_ARRAY_BUFFER, 0); 
  glBindVertexArray(0);
}

mesh::~mesh() {
  glDeleteVertexArrays(1, &vao_);
  glDeleteBuffers(1, &vbo_);
}

}
#pragma once

#include <glm/detail/qualifier.hpp>
#include <glm/ext/matrix_transform.hpp>
#include <glm/ext/vector_float3.hpp>
#include <glm/mat4x4.hpp>
#include <glm/gtc/matrix_transform.hpp>
#include <vector>
#include <GL/glew.h>

namespace mkit {

class mesh {
public:
  void init(std::vector<float>& vertices);

  inline void set_scale(float scale) {
    model_ = glm::scale(model_, glm::vec3(scale));
  }

  inline void rotate(glm::vec3 axis, float angle) {
    model_ = glm::rotate(model_, angle, axis);
  }

  inline void move(glm::vec3 pos_delta) {
    model_ = glm::translate(model_, pos_delta);
  }

  [[nodiscard]] inline GLuint vao() const {
    return vao_;
  } 

  [[nodiscard]] inline GLuint vbo() const {
    return vbo_;
  }

  [[nodiscard]] inline unsigned int vertices_count() const {
    return vertices_count_;
  }

  [[nodiscard]] inline glm::mat4 model() const {
    return model_;
  }

  ~mesh();

private:
  glm::mat4 model_{glm::mat4(1.0f)};
  unsigned int vertices_count_{};
  GLuint vao_{}, vbo_{};
};

}
#pragma once

namespace mkit {

class object2D {

};

}
#pragma once

namespace mkit {

class object3D {

};

}
#include "renderer.hpp"
#include "mesh.hpp"

#include <SDL3/SDL.h>
#include <SDL3/SDL_error.h>
#include <SDL3/SDL_render.h>
#include <SDL3/SDL_stdinc.h>
#include <SDL3/SDL_video.h>
#include <stdexcept>
#include <string>
#include <GL/glew.h>
#include <glm/common.hpp>
#include <glm/gtc/type_ptr.hpp>

namespace mkit {

void renderer::init(SDL_Window* window) {
  if (!SDL_WasInit(SDL_INIT_VIDEO)) {
    if (!SDL_Init(SDL_INIT_VIDEO)) {
      throw std::runtime_error("SDL_Init(): Failed. " + std::string(SDL_GetError()));
    }
  }

  gl_context_ = SDL_GL_CreateContext(window);
  if (!gl_context_) {
    throw std::runtime_error("SDL_GL_CreateContext(): failed. " + std::string(SDL_GetError()));
  }

  SDL_GL_MakeCurrent(window, gl_context_);
  if (SDL_GL_GetCurrentContext() != gl_context_) {
    throw std::runtime_error("SDL_GL_MakeCurrent(): Failed. " + std::string(SDL_GetError()));
  }

  glewExperimental = true;
  auto err = glewInit();
  if (err != GLEW_OK) {
    throw std::runtime_error("glewInit(): Failed.");
  }

  glEnable(GL_DEPTH_TEST);
}

renderer::~renderer() {
  SDL_GL_DestroyContext(gl_context_);
}

void renderer::clear() {
  glClear(GL_COLOR_BUFFER_BIT | GL_DEPTH_BUFFER_BIT);
}

void renderer::clear_color(color clr) {
  glClearColor(clr.x, clr.y, clr.z, clr.a);
}

void renderer::swap_buffers(SDL_Window* window) {
  SDL_GL_SwapWindow(window);
}

void renderer::triangle() {
  glBegin(GL_TRIANGLES);
  glColor3f(1.0f, 0.0f, 0.0f); glVertex2f(-0.5f, -0.5f);
  glColor3f(0.0f, 1.0f, 0.0f); glVertex2f(0.5f, -0.5f);
  glColor3f(0.0f, 0.0f, 1.0f); glVertex2f(0.0f, 0.5f);
  glEnd();
}

void renderer::draw(mesh& mh, shader& sd) {
  sd.use();
  sd.set("model", mh.model());
  glBindVertexArray(mh.vao());
  glDrawArrays(GL_TRIANGLES, 0, mh.vertices_count());
  glBindVertexArray(0);
} 

} // namespace mkit
#pragma once

#include "shader.hpp"
#include "object2D.hpp"
#include "object3D.hpp"
#include "mesh.hpp"
#include "types.hpp"

#include <GL/glew.h>
#include <SDL3/SDL.h>

namespace mkit {

class renderer {
public:
  renderer() {}
  ~renderer();

  void init(SDL_Window* window);

  [[deprecated]] void triangle();
  
  void draw(object2D& object, shader& sd) {}
  void draw(object3D& object, shader& sd) {}
  void draw(mesh& mh, shader& sd);

  void clear();
  void clear_color(color clr);
  void swap_buffers(SDL_Window* window);
  
private:
  SDL_GLContext gl_context_;
};

}
#include "shader.hpp"

#include <glm/ext/matrix_float4x4.hpp>
#include <glm/gtc/type_ptr.hpp>
#include <iostream>
#include <sstream>
#include <fstream>

namespace mkit {

void shader::init(const std::string& vertex_path, const std::string& fragment_path) {
  auto readShaderFile = [](const std::string& path) -> std::string {
    std::ifstream file;
    file.exceptions(std::ifstream::failbit | std::ifstream::badbit);
    try {
      file.open(path);
      std::stringstream stream;
      stream << file.rdbuf();
      file.close();
      return stream.str();
    } catch (std::exception& e) {
      std::cerr << "ERROR::SHADER::FILE_NOT_READ: " << path << std::endl;
      return "";
    }
  };

  std::string vertexCode = readShaderFile(vertex_path);
  std::string fragmentCode = readShaderFile(fragment_path);
    
  if (vertexCode.empty() || fragmentCode.empty()) {
    std::cerr << "Failed to read shader files!" << std::endl;
    return;
  }

  const char* vertexSource = vertexCode.c_str();
  const char* fragmentSource = fragmentCode.c_str();

  GLuint vertexShader = glCreateShader(GL_VERTEX_SHADER);
  glShaderSource(vertexShader, 1, &vertexSource, NULL);
  glCompileShader(vertexShader);
    
  GLint vSuccess;
  GLchar vInfoLog[1024];
  glGetShaderiv(vertexShader, GL_COMPILE_STATUS, &vSuccess);
  if (!vSuccess) {
    glGetShaderInfoLog(vertexShader, 1024, NULL, vInfoLog);
    std::cerr << "ERROR::SHADER::VERTEX::COMPILATION_FAILED\n" << vInfoLog << std::endl;
    throw std::runtime_error("Failed compiple vertex shader");
  }

  GLuint fragmentShader = glCreateShader(GL_FRAGMENT_SHADER);
  glShaderSource(fragmentShader, 1, &fragmentSource, NULL);
  glCompileShader(fragmentShader);
    
  GLint fSuccess;
  GLchar fInfoLog[1024];
  glGetShaderiv(fragmentShader, GL_COMPILE_STATUS, &fSuccess);
  if (!fSuccess) {
    glGetShaderInfoLog(fragmentShader, 1024, NULL, fInfoLog);
    std::cerr << "ERROR::SHADER::FRAGMENT::COMPILATION_FAILED\n" << fInfoLog << std::endl;
    throw std::runtime_error("Failed to compile fragment shader");
  }

  GLuint shaderProgram = glCreateProgram();
  glAttachShader(shaderProgram, vertexShader);
  glAttachShader(shaderProgram, fragmentShader);
  glLinkProgram(shaderProgram);

  GLint linkSuccess;
  GLchar linkInfoLog[1024];
  glGetProgramiv(shaderProgram, GL_LINK_STATUS, &linkSuccess);
  if (!linkSuccess) {
    glGetProgramInfoLog(shaderProgram, 1024, NULL, linkInfoLog);
    std::cerr << "ERROR::SHADER::PROGRAM::LINKING_FAILED\n" << linkInfoLog << std::endl;
    throw std::runtime_error("Failed to link program");
  }

  glDeleteShader(vertexShader);
  glDeleteShader(fragmentShader);

  id_ = std::move(shaderProgram);
}

void shader::set(const std::string& name, glm::mat4 data) {
  GLint location = glGetUniformLocation(id_, name.c_str());
        
  if (location == -1) {
    std::cerr << "Uniform '" << name << "' not found in program!" << std::endl;
    return;
  }
        
  glUseProgram(id_);
  glUniformMatrix4fv(location, 1, GL_FALSE, glm::value_ptr(data));
}

void shader::set(const std::string& name, glm::vec3 data) {
  GLint location = glGetUniformLocation(id_, name.c_str());
        
  if (location == -1) {
    std::cerr << "Uniform '" << name << "' not found in program!" << std::endl;
    return;
  }
        
  glUseProgram(id_);
  glUniform3fv(location, 1, glm::value_ptr(data));
}

void shader::set(const std::string& name, float data) {
  GLint location = glGetUniformLocation(id_, name.c_str());

  if (location == -1) {
    std::cerr << "Uniform '" << name << "' not found in program!" << std::endl;
    return;
  }

  glUseProgram(id_);
  glUniform1f(location, data);
}

} // namespace mkit
#pragma once

#include <glm/ext/matrix_float4x4.hpp>
#include <string>
#include <GL/glew.h>

namespace mkit {

class shader {
public:
  ~shader() {
    glDeleteProgram(id_);
  }

  void init(const std::string& vertex_path, const std::string& fragment_path);
  void set(const std::string& name, glm::mat4 data);
  void set(const std::string& name, float data);
  void set(const std::string& name, glm::vec3 data);

  inline void use() const {
    glUseProgram(id_);
  }

private:
  GLuint id_{};
};

}
#pragma once

namespace mkit {

struct vec2 {
  float x, y;
};

struct vec3 {
  float x, y, z;
};

struct vec4 {
  float x, y, z, a;
};

struct point : public vec2 {};
struct size2 : public vec2 {};
struct color : public vec4 {};

} // namespace mkit
#include "window.hpp"

#include <SDL3/SDL_error.h>
#include <SDL3/SDL_events.h>
#include <SDL3/SDL_init.h>
#include <SDL3/SDL_video.h>
#include <stdexcept>

namespace mkit {

window::window() {}

window::~window() {
  SDL_SetWindowRelativeMouseMode(native_window_, false);
  if (native_window_) SDL_DestroyWindow(native_window_);
  SDL_Quit();
}

void window::init(const std::string& title, int width, int height) {
  title_ = title;
  size_ = size2{(float)width, (float)height};

  // check for initing and init sdl3
  if (!SDL_WasInit(SDL_INIT_VIDEO)) {
    if (!SDL_Init(SDL_INIT_VIDEO)) {
      throw std::runtime_error(std::string("SDL_Init(): Failed. ") + SDL_GetError());
    }
  }

  native_window_ = SDL_CreateWindow(title_.c_str(), size_.x, size_.y, SDL_WINDOW_OPENGL);
  if (!native_window_) {
    throw std::runtime_error(std::string("SDL_CreateWindow(): Failed. ") + SDL_GetError());
  }

  SDL_GL_SetAttribute(SDL_GL_CONTEXT_MAJOR_VERSION, 3);
  SDL_GL_SetAttribute(SDL_GL_CONTEXT_MINOR_VERSION, 3);
  SDL_GL_SetAttribute(SDL_GL_CONTEXT_PROFILE_MASK, SDL_GL_CONTEXT_PROFILE_COMPATIBILITY);

  SDL_SetWindowRelativeMouseMode(native_window_, true);
}

} // namespace mkit
#pragma once

#include "types.hpp"

#include <SDL3/SDL.h>
#include <SDL3/SDL_events.h>
#include <string>

namespace mkit {

class window {
public:
  SDL_Event event;

  window();
  ~window();

  void init(const std::string& caption, int width, int height);
  void set_title(const std::string& title) { title_ = title; }
  void set_size(size2 size) { size_ = size; }
  
  [[nodiscard]] SDL_Window* native_window() const { return native_window_; }
  [[nodiscard]] std::string title() const { return title_; };
  [[nodiscard]] size2 size() const { return size_; };

private:
  SDL_Window* native_window_{};
  SDL_Event event_{};
  std::string title_{};
  size2 size_{};
};

} // namespace mkit
#include "voidbreach.hpp"
#include <SDL3/SDL_keyboard.h>
#include <SDL3/SDL_video.h>
#include <glm/trigonometric.hpp>

namespace vb {

Voidbreach::Voidbreach() {
  window_.init("MKit", 1200, 900);
  renderer_.init(window_.native_window());
  renderer_.clear_color({0.2f, 0.3f, 0.2f, 1.0f});
  skybox_shader_.init("../assets/shaders/vertex.glsl", "../assets/shaders/skybox_fragment.glsl");
  shader_.init("../assets/shaders/vertex.glsl", "../assets/shaders/fragment.glsl");
  camera_.init({0.0f, 1.0f, 2.0f}, glm::radians(45.0f), 500.0f, 0.1f, window_.size().x / window_.size().y);
  skybox.init(vertices_);
  skybox.set_scale(500.0f);
  box.init(vertices_);
  box.set_scale(3.0f);
}

Voidbreach::~Voidbreach() {}

void Voidbreach::run() {
  mainloop();
}

void Voidbreach::mainloop() {
  while (running_) {
    while (SDL_PollEvent(&window_.event)) {
      if (window_.event.type == SDL_EVENT_QUIT) {
        running_ = false;
      }
    }

    float mouse_dx, mouse_dy;
    SDL_GetRelativeMouseState(&mouse_dx, &mouse_dy);
    
    camera_.rotate(mouse_dx * 0.002f, -mouse_dy * 0.002f);
    
    box.rotate(glm::vec3(1.0f, 1.0f, 0.0f), 0.1f);

    controller_.process(camera_, 0.1f, SDL_GetKeyboardState(NULL));
    render_graphics();
  }
}

void Voidbreach::render_graphics() {
  renderer_.clear();

  skybox_shader_.use();        
  camera_.push(skybox_shader_);

  glDepthMask(GL_FALSE);
  renderer_.draw(skybox, skybox_shader_);
 glDepthMask(GL_TRUE);

  shader_.use();
  camera_.push(shader_);
  renderer_.draw(box, shader_);

  renderer_.swap_buffers(window_.native_window());
}

} // namespace vb
#pragma once

#include "../mkit/window.hpp"
#include "../mkit/input.hpp"
#include "../mkit/renderer.hpp"
#include "../mkit/mesh.hpp"
#include "../mkit/camera.hpp"
#include "../mkit/controller.hpp"

#include <vector>

namespace vb {

class Voidbreach {
public:
  Voidbreach();
  ~Voidbreach();
  void run();

private:
  void mainloop();

  bool running_{true};
  
  mkit::window window_{};
  mkit::input input_{};
  mkit::renderer renderer_{};
  mkit::shader skybox_shader_{}, shader_{};
  mkit::camera camera_{};
  mkit::controller controller_{};
  mkit::mesh skybox{};
  mkit::mesh box{};

  std::vector<float> vertices_ = {
    -0.5f, -0.5f, -0.5f,  0.0f,  0.0f, -1.0f,
     0.5f, -0.5f, -0.5f,  0.0f,  0.0f, -1.0f,
     0.5f,  0.5f, -0.5f,  0.0f,  0.0f, -1.0f,
  
    -0.5f, -0.5f, -0.5f,  0.0f,  0.0f, -1.0f,
     0.5f,  0.5f, -0.5f,  0.0f,  0.0f, -1.0f,
    -0.5f,  0.5f, -0.5f,  0.0f,  0.0f, -1.0f,
    
    -0.5f, -0.5f,  0.5f,  0.0f,  0.0f,  1.0f,
     0.5f, -0.5f,  0.5f,  0.0f,  0.0f,  1.0f,
     0.5f,  0.5f,  0.5f,  0.0f,  0.0f,  1.0f,
    
    -0.5f, -0.5f,  0.5f,  0.0f,  0.0f,  1.0f,
     0.5f,  0.5f,  0.5f,  0.0f,  0.0f,  1.0f,
    -0.5f,  0.5f,  0.5f,  0.0f,  0.0f,  1.0f,
    
    -0.5f,  0.5f, -0.5f,  0.0f,  1.0f,  0.0f,
     0.5f,  0.5f, -0.5f,  0.0f,  1.0f,  0.0f,
     0.5f,  0.5f,  0.5f,  0.0f,  1.0f,  0.0f,
    
    -0.5f,  0.5f, -0.5f,  0.0f,  1.0f,  0.0f,
     0.5f,  0.5f,  0.5f,  0.0f,  1.0f,  0.0f,
    -0.5f,  0.5f,  0.5f,  0.0f,  1.0f,  0.0f,
    
    -0.5f, -0.5f, -0.5f,  0.0f, -1.0f,  0.0f,
    -0.5f, -0.5f,  0.5f,  0.0f, -1.0f,  0.0f,
     0.5f, -0.5f,  0.5f,  0.0f, -1.0f,  0.0f,
    
    -0.5f, -0.5f, -0.5f,  0.0f, -1.0f,  0.0f,
     0.5f, -0.5f,  0.5f,  0.0f, -1.0f,  0.0f,
     0.5f, -0.5f, -0.5f,  0.0f, -1.0f,  0.0f,
    
     0.5f, -0.5f, -0.5f,  1.0f,  0.0f,  0.0f,
     0.5f,  0.5f, -0.5f,  1.0f,  0.0f,  0.0f,
     0.5f,  0.5f,  0.5f,  1.0f,  0.0f,  0.0f,
    
     0.5f, -0.5f, -0.5f,  1.0f,  0.0f,  0.0f,
     0.5f,  0.5f,  0.5f,  1.0f,  0.0f,  0.0f,
     0.5f, -0.5f,  0.5f,  1.0f,  0.0f,  0.0f,
    
    -0.5f, -0.5f, -0.5f, -1.0f,  0.0f,  0.0f,
    -0.5f,  0.5f, -0.5f, -1.0f,  0.0f,  0.0f,
    -0.5f,  0.5f,  0.5f, -1.0f,  0.0f,  0.0f,
    
    -0.5f, -0.5f, -0.5f, -1.0f,  0.0f,  0.0f,
    -0.5f,  0.5f,  0.5f, -1.0f,  0.0f,  0.0f,
    -0.5f, -0.5f,  0.5f, -1.0f,  0.0f,  0.0f
  };

  void render_graphics();
};

} // namespace vb
